c7e00000 T _start
c7e00020 t _undefined_instruction
c7e00024 t _software_interrupt
c7e00028 t _prefetch_abort
c7e0002c t _data_abort
c7e00030 t _not_used
c7e00034 t _irq
c7e00038 t _fiq
c7e0003c t _pad
c7e00040 T _end_vect
c7e00040 t _TEXT_BASE
c7e00044 t _TEXT_PHY_BASE
c7e00048 T _armboot_start
c7e0004c T _bss_start
c7e00050 T _bss_end
c7e00054 t reset
c7e00064 t cpu_init_crit
c7e000b8 t after_copy
c7e000b8 t enable_mmu
c7e000d8 t mmu_on
c7e000f4 t skip_hw_init
c7e000f4 t stack_setup
c7e000f8 t clear_bss
c7e00104 t clbss_l
c7e00118 t _start_armboot
c7e0011c t _mmu_table_base
c7e00120 T copy_from_nand
c7e0016c t copy_failed
c7e00174 t compare_failed
c7e0017c T theLastJump
c7e00198 t phy_last_jump
c7e001c0 t undefined_instruction
c7e00220 t software_interrupt
c7e00280 t prefetch_abort
c7e002e0 t data_abort
c7e00340 t not_used
c7e003a0 t irq
c7e00400 t fiq
c7e00460 T arm1136_cache_flush
c7e00480 T mem_ctrl_asm_init
c7e0057c t check_dmc1_ready
c7e00598 T cleanDCache
c7e005a4 T cleanFlushDCache
c7e005b0 T cleanFlushCache
c7e005dc T copy_uboot_to_ram
c7e00854 T movi_set_capacity
c7e00858 T movi_set_ofs
c7e0089c T movi_bl2_copy
c7e008e8 T movi_read_env
c7e008fc T movi_write_env
c7e00910 T movi_init
c7e00948 T __div0
c7e0094c t _TEXT_BASE
c7e00950 T lowlevel_init
c7e00a34 t wakeup_reset
c7e00a60 t system_clock_init
c7e00a88 t wait_for_async
c7e00b30 t uart_asm_init
c7e00b78 t nand_asm_init
c7e00bf8 T enable_interrupts
c7e00bfc T disable_interrupts
c7e00c04 T reset_timer
c7e00c38 T get_timer
c7e00cac T set_timer
c7e00cbc T udelay
c7e00df4 T reset_timer_masked
c7e00e28 T get_timer_masked
c7e00e90 T udelay_masked
c7e00f9c T get_ticks
c7e01008 T get_tbclk
c7e01020 T interrupt_init
c7e010ac T show_regs
c7e011ec T bad_mode
c7e01210 T do_irq
c7e01234 T do_fiq
c7e01258 T do_not_used
c7e0127c T do_data_abort
c7e012a0 T do_prefetch_abort
c7e012c4 T do_software_interrupt
c7e012e8 T do_undefined_instruction
c7e0130c T cpu_init
c7e01314 T icache_enable
c7e01350 T icache_disable
c7e0138c T icache_status
c7e0139c T dcache_enable
c7e013d8 T dcache_disable
c7e01414 T dcache_status
c7e01424 T cleanup_before_linux
c7e01458 T reset_cpu
c7e01498 T do_reset
c7e014b8 T hsmmc_reset
c7e014cc T hsmmc_set_gpio
c7e01500 t set_cmd_register
c7e01558 t check_dma_int
c7e015c0 t issue_command
c7e01714 t check_card_status
c7e01758 T movi_read
c7e018ec T movi_write
c7e01ae0 t set_clock
c7e01b80 t set_sd_speed
c7e01cdc t process_ext_csd
c7e01dac T hsmmc_init
c7e0240c T test_hsmmc
c7e02b30 T serial_setbrg
c7e02b34 T serial_init
c7e02b3c T serial_getc
c7e02b5c T serial_putc
c7e02b84 T serial_tstc
c7e02b98 T serial_puts
c7e02bd8 t get_PLLCLK
c7e02c44 T get_UCLK
c7e02c4c T get_FCLK
c7e02c54 T get_PCLK
c7e02cb0 T get_HCLK
c7e02d0c T get_ARMCLK
c7e02d34 T print_cpuinfo
c7e02e2c T sbrk
c7e02e74 T hang
c7e02e84 t display_dram_config
c7e02eb4 t display_banner
c7e02edc t init_baudrate
c7e02f3c T start_armboot
c7e03144 t startAgainTimeout
c7e03158 t startAgainHandler
c7e0315c T NetSetHandler
c7e0316c T NetCksumOk
c7e031c4 T NetCksum
c7e0320c T copy_filename
c7e03264 T string_to_VLAN
c7e032c0 T getenv_VLAN
c7e032d8 T string_to_ip
c7e0335c T getenv_IPaddr
c7e03374 T NetEthHdrSize
c7e033b8 T VLAN_to_string
c7e03404 T ip_to_string
c7e0345c T print_IPaddr
c7e03480 T NetSetIP
c7e035ec T NetSetEther
c7e03694 t PingHandler
c7e036d8 T NetSendPacket
c7e036dc T ArpRequest
c7e0381c T NetReceive
c7e03db8 T PingSend
c7e03fc8 T NetSetTimeout
c7e04004 T NetSendUDPPacket
c7e04178 T NetStartAgain
c7e04200 T ArpTimeoutCheck
c7e04284 t PingTimeout
c7e042a8 T NetLoop
c7e0471c t TftpSend
c7e048b0 T TftpStart
c7e04ad0 t TftpTimeout
c7e04b38 t TftpHandler
c7e04de8 T BootpRequest
c7e05030 t BootpHandler
c7e0543c t BootpTimeout
c7e05490 T RarpRequest
c7e055a0 t RarpHandler
c7e0560c t RarpTimeout
c7e05660 T eth_initialize
c7e05668 t NfsTimeout
c7e05694 t basename
c7e056d0 t rpc_add_credentials
c7e057c8 t rpc_lookup_reply
c7e058ac t nfs_mount_reply
c7e05968 t nfs_umountall_reply
c7e05a08 t nfs_lookup_reply
c7e05ab4 t rpc_req
c7e05bf0 t rpc_lookup_req
c7e05c70 t nfs_mount_req
c7e05d10 t nfs_umountall_req
c7e05d70 t nfs_lookup_req
c7e05e24 t nfs_read_req
c7e05ec4 t nfs_readlink_req
c7e05f1c t NfsSend
c7e05fbc T NfsStart
c7e06238 t nfs_readlink_reply
c7e0635c t nfs_read_reply
c7e064d8 t NfsHandler
c7e066f4 T dm9000_get_enetaddr
c7e0671c T eth_halt
c7e06720 t phy_read
c7e0678c T eth_rx
c7e0689c T eth_send
c7e06984 T eth_init
c7e06fa4 T nand_init
c7e07044 t generic_ffs
c7e0709c t nand_read_byte
c7e070ac t nand_read_byte16
c7e070c0 t nand_read_word
c7e070d0 t nand_write_buf
c7e07104 t nand_read_buf
c7e0712c t nand_verify_buf
c7e07174 t nand_write_buf16
c7e071ac t nand_read_buf16
c7e071e4 t nand_verify_buf16
c7e07230 t nand_block_bad
c7e07354 t nand_check_wp
c7e07398 T nand_wait_ready
c7e073b4 t nand_read_page_raw
c7e073f4 t nand_read_page_swecc
c7e07510 t nand_read_page_hwecc
c7e07644 t nand_read_page_syndrome
c7e07768 t nand_read_oob_std
c7e077b4 t nand_read_oob_syndrome
c7e078c8 t nand_write_oob_std
c7e07940 t nand_write_oob_syndrome
c7e07af8 t nand_write_page_raw
c7e07b34 t nand_write_page_swecc
c7e07bdc t nand_write_page_hwecc
c7e07cb0 t nand_write_page_syndrome
c7e07da0 t nand_write_page
c7e07e68 t single_erase_cmd
c7e07eac t multi_erase_cmd
c7e07f38 t nand_sync
c7e07f58 t nand_suspend
c7e07f60 T nand_release
c7e07f88 t nand_resume
c7e07fc8 T nand_scan_ident
c7e0849c T nand_scan_tail
c7e08964 T nand_scan
c7e08984 t nand_select_chip
c7e089f0 t nand_block_isbad
c7e08a58 t nand_block_markbad
c7e08a9c t nand_fill_oob
c7e08bb8 t nand_do_write_oob
c7e08cc8 t nand_do_write_ops
c7e090b0 t nand_write_oob
c7e09174 t nand_write
c7e09220 t nand_transfer_oob
c7e0933c t nand_do_read_ops
c7e0976c t nand_read_oob
c7e09948 T nand_read
c7e099f4 t nand_command
c7e09bb8 t nand_command_lp
c7e09e0c t nand_default_block_markbad
c7e09ee4 T nand_erase_nand
c7e0a188 t nand_erase
c7e0a190 t nand_wait
c7e0a264 T nand_calculate_ecc
c7e0a35c T nand_correct_data
c7e0a488 t search_bbt
c7e0a6d8 T nand_isbad_bbt
c7e0a728 t create_bbt
c7e0aac0 t read_bbt
c7e0acd0 t read_abs_bbt
c7e0ad9c t write_bbt
c7e0b3e4 T nand_update_bbt
c7e0b540 t mark_bbt_region
c7e0b6c0 T nand_scan_bbt
c7e0bb80 T nand_default_bbt
c7e0bc48 T do_run
c7e0bcbc T run_command
c7e0c108 t cread_add_char
c7e0c204 T readline
c7e0c89c T main_loop
c7e0c9c4 T do_bdinfo
c7e0cab4 T do_go
c7e0cb34 t do_imls
c7e0cb3c T gunzip
c7e0cc94 t zfree
c7e0cc9c t zalloc
c7e0ccac T print_image_hdr
c7e0d108 T do_bootm
c7e0d858 t on_off
c7e0d894 T do_dcache
c7e0d920 T do_icache
c7e0d9ac T mk_date
c7e0dc38 T do_date
c7e0dd4c T valid_elf_image
c7e0dda0 T load_elf_image
c7e0deb0 T do_bootvx
c7e0e02c T do_bootelf
c7e0e0d0 T flash_sect_protect
c7e0e0f0 T flash_sect_erase
c7e0e110 t addr_spec
c7e0e1d4 T do_flinfo
c7e0e214 t abbrev_spec
c7e0e254 T do_protect
c7e0e420 T do_flerase
c7e0e56c T do_i2c_loop
c7e0e688 T do_i2c_probe
c7e0e6d8 T do_i2c_md
c7e0e8dc T do_i2c_crc
c7e0ea38 T do_i2c_mw
c7e0eb70 t mod_i2c_mem
c7e0edc0 T do_i2c_nm
c7e0ede8 T do_i2c_mm
c7e0ee10 t evalexp
c7e0ee5c T binary_test
c7e0f060 T do_itest
c7e0f108 T ktrans
c7e0f128 T chk1
c7e0f158 t bin_data_init
c7e0f190 t bin_data_char
c7e0f1d4 T k_data_init
c7e0f204 T k_data_save
c7e0f268 T k_data_restore
c7e0f2cc T k_data_char
c7e0f35c T send_pad
c7e0f398 T s1_sendpacket
c7e0f3cc T handle_send_packet
c7e0f608 T send_nack
c7e0f688 T send_ack
c7e0f708 t load_serial_ymodem
c7e0f844 t getcxmodem
c7e0f870 T do_load_serial_bin
c7e0fe1c t load_serial
c7e10054 T do_load_serial
c7e1013c T do_mem_base
c7e10188 T do_mem_crc
c7e10240 T do_mem_mtest
c7e10374 T cmd_get_data_size
c7e103f4 T do_mem_loop
c7e104f8 T do_mem_cp
c7e10624 T do_mem_cmp
c7e107d0 T do_mem_mw
c7e108a8 t mod_mem
c7e10a28 T do_mem_nm
c7e10a50 T do_mem_mm
c7e10a78 T do_mem_md
c7e10c80 T do_sleep
c7e10d14 t arg_off_size
c7e10e3c T do_nandboot
c7e110a4 T do_nand
c7e11c9c T do_ping
c7e11d2c t netboot_common
c7e11fe8 T do_nfs
c7e11ff4 T do_rarpb
c7e12000 T do_tftpb
c7e1200c T do_bootp
c7e12018 t envmatch
c7e12094 T getenv_r
c7e12160 T do_saveenv
c7e12194 T getenv
c7e12214 T _do_setenv
c7e126b4 T do_setenv
c7e126f4 T setenv
c7e1272c T do_printenv
c7e128cc T usb_get_class_desc
c7e12974 T usb_display_ep_desc
c7e12a48 T usb_display_class_sub
c7e12bc8 T usb_show_tree_graph
c7e12de8 T usb_show_tree
c7e12e1c T usb_display_desc
c7e12f54 T usb_display_string
c7e12f8c T usb_display_if_desc
c7e13024 T usb_display_conf_desc
c7e130d4 T usb_display_config
c7e13164 T do_usb
c7e13344 T find_cmd
c7e133e0 T do_echo
c7e13460 T do_help
c7e13614 T do_version
c7e1363c T do_exit
c7e13674 T do_test
c7e13af0 t console_setfile
c7e13b98 T fgetc
c7e13bc8 T ftstc
c7e13bf8 T fputc
c7e13c2c T fputs
c7e13c60 T disable_ctrlc
c7e13c78 T had_ctrlc
c7e13c88 T clear_ctrlc
c7e13c9c T dbg
c7e13ca8 T console_init_f
c7e13cb8 T console_assign
c7e13d54 T fprintf
c7e13d94 T puts
c7e13db0 T vprintf
c7e13ddc T printf
c7e13e14 T console_init_r
c7e13fb8 T serial_printf
c7e13ff0 T putc
c7e1400c T tstc
c7e14024 T getc
c7e1403c T ctrlc
c7e1409c T devices_done
c7e140c0 T device_register
c7e140ec T devices_init
c7e141b0 T malloc_bin_reloc
c7e141e8 T malloc_usable_size
c7e1422c T mallopt
c7e142a0 T malloc_trim
c7e14374 T free
c7e145a4 T cfree
c7e145a8 T malloc
c7e14ba4 T memalign
c7e14cc0 T pvalloc
c7e14cd8 T valloc
c7e14ce4 T calloc
c7e14dcc T realloc
c7e15248 T env_get_char_memory
c7e15268 T env_get_addr
c7e15288 t env_get_char_init
c7e152a8 T env_crc_update
c7e152d4 T env_relocate
c7e15370 T env_get_char_spec
c7e1537c T env_init
c7e15398 t use_default
c7e15430 T env_relocate_spec
c7e154b8 T saveenv
c7e155d4 t dummy
c7e155d8 T get_version
c7e155e0 T jumptable_init
c7e156bc T flash_protect
c7e157c4 T addr2info
c7e157cc T flash_write
c7e157dc T flash_perror
c7e158bc T simple_itoa
c7e15910 t static_get
c7e1592c t static_peek
c7e15938 t file_peek
c7e15944 T mapset
c7e1596c T u_boot_hush_start
c7e159f4 t file_get
c7e15bac t xmalloc
c7e15bd8 T new_pipe
c7e15c08 t free_pipe_list
c7e15cfc t xrealloc
c7e15d28 t done_command
c7e15db0 t initialize_context
c7e15df0 t done_pipe
c7e15e40 t b_addchr
c7e15ebc t b_addqchr
c7e15f18 T reserved_word
c7e16094 t done_word
c7e16224 t insert_var_value
c7e163e0 t set_local_var
c7e16590 T update_ifs_map
c7e16658 t parse_stream_outer
c7e16c90 T parse_file_outer
c7e16cd8 T parse_string_outer
c7e16dc8 t run_list_real
c7e17608 T GetHandleSize
c7e17610 T ListSetAllocationPolicy
c7e17624 T ListGetPtrToItem
c7e1765c T ListGetDataPtr
c7e17668 T ListGetItemSize
c7e17674 T ListNumItems
c7e17680 T ListGetItems
c7e176c8 T SetHandleSize
c7e17744 T ListInsertItems
c7e1791c T ListInsertItem
c7e17924 T DisposeHandle
c7e17944 T ListDispose
c7e17948 T NewHandle
c7e179a4 T ListCreate
c7e17a04 t hex2_bin
c7e17a8c T srec_decode
c7e17d04 T usb_disable_asynch
c7e17d1c T usb_maxpacket
c7e17d40 T usb_set_maxpacket
c7e17df4 T usb_get_dev_index
c7e17e1c T usb_hub_reset
c7e17e30 T usb_hub_allocate
c7e17e7c T usb_alloc_new_device
c7e17f24 T usb_parse_config
c7e180b8 T usb_submit_int_msg
c7e180bc T usb_stop
c7e180ec T wait_ms
c7e18110 T usb_bulk_msg
c7e1817c T usb_control_msg
c7e1827c T usb_get_port_status
c7e182dc T usb_get_hub_status
c7e18334 T usb_set_port_feature
c7e18394 T usb_clear_port_feature
c7e183f4 T usb_clear_hub_feature
c7e1844c T usb_get_hub_descriptor
c7e184ac T usb_get_string
c7e18528 t usb_string_sub
c7e18634 T usb_string
c7e18738 T usb_get_class_descriptor
c7e187a8 T usb_get_report
c7e18818 T usb_set_idle
c7e1887c T usb_set_protocol
c7e188dc T usb_set_configuration
c7e18944 T usb_set_interface
c7e18a10 T usb_set_address
c7e18a58 T usb_get_descriptor
c7e18ac4 T usb_get_configuration_no
c7e18b74 T usb_clear_halt
c7e18c28 t usb_hub_power_on
c7e18c6c T usb_hub_port_connect_change
c7e18dcc T usb_hub_configure
c7e19008 T usb_hub_probe
c7e19068 T usb_new_device
c7e192f8 T usb_scan_devices
c7e1935c T usb_init
c7e193f0 T parse_num
c7e19518 T xyzModem_error
c7e195b4 T xyzModem_stream_close
c7e19608 T CYGACC_COMM_IF_PUTC
c7e19610 T CYGACC_COMM_IF_GETC_TIMEOUT
c7e19664 T xyzModem_stream_terminate
c7e19720 t xyzModem_get_hdr
c7e199e8 T xyzModem_stream_read
c7e19c3c T xyzModem_stream_open
c7e19d94 T do_usbd_dnw
c7e19eac T do_movi
c7e1a120 T cyg_crc16
c7e1a168 T crc32
c7e1a27c T crc32_no_comp
c7e1a388 T print_size
c7e1a428 T display_options
c7e1a450 T strcpy
c7e1a46c T strncpy
c7e1a494 T strcat
c7e1a4c8 T strncat
c7e1a52c T strcmp
c7e1a564 T strncmp
c7e1a5b4 T strchr
c7e1a5e0 T strrchr
c7e1a628 T strlen
c7e1a648 T strnlen
c7e1a670 T strspn
c7e1a6b4 T strpbrk
c7e1a6f4 T strtok
c7e1a7cc T strsep
c7e1a834 T strswab
c7e1a880 T memset
c7e1a8a0 T bcopy
c7e1a8cc T memcpy
c7e1a8f0 T memmove
c7e1a94c T memcmp
c7e1a98c T memscan
c7e1a9bc T strstr
c7e1aa40 T memchr
c7e1aa70 T strdup
c7e1aad8 T simple_strtoul
c7e1ab90 T simple_strtol
c7e1abc4 t number
c7e1ae2c T panic
c7e1ae7c T vsprintf
c7e1b258 T sprintf
c7e1b278 t falloc
c7e1b29c t ffree
c7e1b2a0 t inflate_trees_free
c7e1b2dc t huft_build
c7e1b8c4 t inflate_trees_fixed
c7e1bae0 t inflate_blocks_reset
c7e1bbb8 T inflateEnd
c7e1bc58 T inflateReset
c7e1bcc0 T inflateSync
c7e1bdc8 T inflateInit2
c7e1bf14 T inflateInit
c7e1bf1c T adler32
c7e1c09c T inflateIncomp
c7e1c1d0 t inflate_flush
c7e1c34c T inflate
c7e1e12c T board_init
c7e1e17c T dram_init
c7e1e19c T virt_to_phy_smdk6410
c7e1e1cc T checkboard
c7e1e1ec T board_late_init
c7e1e284 t write_hword
c7e1e37c T write_buff
c7e1e4f0 T flash_print_info
c7e1e608 T flash_erase
c7e1e814 T flash_init
c7e1e860 t WaitForXfer
c7e1e8b4 t i2c_transfer
c7e1ebb8 T i2c_write
c7e1ec4c T i2c_read
c7e1ece8 T i2c_probe
c7e1ed28 T i2c_init
c7e1edcc T rh_check_port_status
c7e1edd4 T submit_common_msg
c7e1eddc T submit_bulk_msg
c7e1ede4 T submit_control_msg
c7e1edec T submit_int_msg
c7e1edf4 T usb_lowlevel_init
c7e1edfc T usb_lowlevel_stop
c7e1ee04 t td_fill
c7e1eeb8 T sohci_submit_job
c7e1f4e8 t s3c_nand_hwcontrol
c7e1f560 t s3c_nand_device_ready
c7e1f57c T s3c_nand_enable_hwecc
c7e1f5dc T s3c_nand_calculate_ecc
c7e1f6b4 T s3c_nand_read_page
c7e1f7c8 T s3c_nand_write_page
c7e1f89c T board_nand_init
c7e1fae0 t s3c_nand_scan_bbt
c7e1fae4 T s3c_nand_correct_data
c7e1fcdc T s3c_usb_core_soft_reset
c7e1fcf8 T s3c_usb_init_core
c7e1fd14 T s3c_usb_check_current_mode
c7e1fd28 T s3c_usb_set_soft_disconnect
c7e1fd3c T s3c_usb_clear_soft_disconnect
c7e1fd50 T s3c_usb_init_device
c7e1fd90 T s3c_usbc_activate
c7e1fd98 T s3c_usb_stop
c7e1fda0 T s3c_usb_set_inep_xfersize
c7e1fdcc T s3c_usb_set_outep_xfersize
c7e1fdfc T s3c_usb_write_ep0_fifo
c7e1fe54 T s3c_usb_write_in_fifo
c7e1feac T s3c_usb_read_out_fifo
c7e1ff00 T s3c_usb_get_desc
c7e200d0 T s3c_usb_clear_feature
c7e20164 T s3c_usb_set_feature
c7e2030c T s3c_usb_get_status
c7e203dc T s3c_usb_ep0_int_hndlr
c7e20608 T s3c_usb_set_otherspeed_conf_desc
c7e20820 T s3c_usb_transfer_ep0
c7e21eec T s3c_usb_int_bulkin
c7e22098 T s3c_usb_upload_start
c7e2227c T s3c_usb_download_start
c7e22470 T s3c_usb_dma_in_done
c7e22560 T s3c_usb_set_all_outep_nak
c7e22588 T s3c_usb_clear_all_outep_nak
c7e225b0 T s3c_usb_set_max_pktsize
c7e22660 T s3c_usb_set_endpoint
c7e226b4 T s3c_usb_set_descriptors
c7e22850 T s3c_usb_check_speed
c7e22868 T s3c_usb_clear_dnfile_info
c7e228a8 T s3c_usb_clear_upfile_info
c7e228e8 T s3c_usb_check_setconf
c7e22918 T s3c_usb_set_opmode
c7e229c0 T s3c_usb_reset
c7e22a64 T s3c_usb_set_init
c7e22c7c T s3c_usb_verify_checksum
c7e22d44 T s3c_usb_download_continue
c7e22e90 T s3c_usb_int_bulkout
c7e22ee0 T s3c_usb_pkt_receive
c7e22f60 T s3c_usb_print_pkt
c7e22fac T s3c_usb_dma_out_done
c7e230ac T s3c_usb_transfer
c7e231dc T s3c_udc_int_hndlr
c7e23288 T s3c_usb_wait_cable_insert
c7e232d4 T s3c_usb_init_phy
c7e23318 T s3c_usbctl_init
c7e2346c T FbScreenClear
c7e234c8 T FbScreenScroll
c7e23554 T LcdWindowOnOff
c7e2357c T LcdEnvidOnOff
c7e235a4 T Lcd_config
c7e236bc T lcd480272_init
c7e239ec T Lcd_Init
c7e239f0 T LcdDisplay
c7e23b08 T FbScreenInit
c7e23b6c t FbCharOut
c7e23c8c t pOutputNumHex
c7e23cdc t pOutputNumDecimal
c7e23d18 T lcd_printf
c7e23ea8 T FbDemo
c7e23ef0 T do_bootm_linux
c7e24354 T flush_cache
c7e24358 T GregorianDay
c7e2444c T to_tm
c7e24560 T mktime
c7e245f4 t bin2bcd
c7e2462c T rtc_get
c7e247bc T rtc_set
c7e24860 T rtc_reset
c7e24888 t nand_block_bad_scrub
c7e24890 T nand_lock
c7e248e4 T nand_unlock
c7e249fc T nand_get_lock_status
c7e24a88 T nand_read_opts
c7e24e1c T nand_write_opts
c7e2533c T nand_erase_opts
c7e256e4 T __div64_32
c7e257d8 T __aeabi_uidiv
c7e257d8 T __udivsi3
c7e25884 T __aeabi_uidivmod
c7e2589c T __aeabi_idiv
c7e2589c T __divsi3
c7e25978 T __aeabi_idivmod
c7e25990 T __aeabi_lasr
c7e25990 T __ashrdi3
c7e259ac T __aeabi_llsl
c7e259ac T __ashldi3
c7e25b70 r C.8.2228
c7e25bf0 R version_string
c7e25c34 r default_nand_name
c7e25c39 r __FUNCTION__.4034
c7e25c48 r __FUNCTION__.3562
c7e25c56 r __FUNCTION__.3073
c7e25c68 r C.19.2727
c7e25c6a r __FUNCTION__.2569
c7e25c7b r nand_ecc_precalc_table
c7e25d7c r baudrate_table
c7e25d90 r crc16_tab
c7e25f90 r crc_table
c7e26390 r border
c7e263dc r inflate_mask
c7e26420 R string_desc0
c7e26424 R string_desc1
c7e2643a R string_desc2
c7e26466 R qualifier_desc
c7e26470 R config_full
c7e26479 R config_full_total
c7e26499 R config_high
c7e264a2 R config_high_total
c7e264c4 r FontBuffer
c7e26714 r C.7.1892
c7e2ca20 D init_sequence
c7e2ca54 D NetBcastAddr
c7e2ca5a D NetOurVLAN
c7e2ca5c D NetOurNativeVLAN
c7e2ca60 d nfs_offset
c7e2ca64 D default_enetaddr
c7e2ca70 D nand_curr_device
c7e2ca74 d nand_oob_8
c7e2cbc4 d nand_oob_16
c7e2cd14 d nand_oob_64
c7e2ce64 D nand_flash_ids
c7e2d3ec D nand_manuf_ids
c7e2d42c d bbt_main_descr
c7e2d450 d bbt_mirror_descr
c7e2d474 d agand_flashbased
c7e2d498 d largepage_flashbased
c7e2d4bc d smallpage_flashbased
c7e2d4e0 d largepage_memorybased
c7e2d504 d smallpage_memorybased
c7e2d528 d bbt_pattern
c7e2d52c d mirror_pattern
c7e2d530 d scan_agand_pattern
c7e2d536 d scan_ff_pattern
c7e2d538 d hist_cur
c7e2d53c D load_addr
c7e2d540 D weekdays
c7e2d55c d i2c_dp_last_length
c7e2d560 D op_table
c7e2d5c8 d do_echo
c7e2d5cc D dp_last_length
c7e2d5d0 D stdio_names
c7e2d5dc d trim_threshold
c7e2d5e0 d mmap_threshold
c7e2d5e4 d av_
c7e2d9ec d sbrk_base
c7e2d9f0 D env_get_char
c7e2d9f4 D default_environment
c7e2dd28 D default_environment_size
c7e2dd2c D env_name_spec
c7e2dd30 d reserved_list
c7e2ddb4 D _ctype
c7e2deb4 D zlib_version
c7e2deb8 D z_errmsg
c7e2ded8 d cplens
c7e2df54 d cplext
c7e2dfd0 d cpdist
c7e2e048 d cpdext
c7e2e0c0 d fixed_left
c7e2e0c4 d s3c_nand_oob_64
c7e2e214 d s3c_nand_oob_16
c7e2e364 d s3c_nand_oob_mlc_64
c7e2e4b4 D test_pkt
c7e2e4e9 D Bmp001
c7e2e4f9 D Bmp002
c7e2e509 D Bmp003
c7e2e519 D Bmp004
c7e2e529 D Bmp005
c7e2e539 D Bmp006
c7e2e549 D Bmp007
c7e2e559 D Bmp008
c7e2e569 D Bmp009
c7e2e579 D Bmp010
c7e2e589 D Bmp011
c7e2e599 D Bmp012
c7e2e5a9 D Bmp013
c7e2e5b9 D Bmp014
c7e2e5c9 D Bmp015
c7e2e5d9 D Bmp016
c7e2e5e9 D Bmp017
c7e2e5f9 D Bmp018
c7e2e609 D Bmp019
c7e2e619 D Bmp020
c7e2e629 D Bmp021
c7e2e639 D Bmp022
c7e2e649 D Bmp023
c7e2e659 D Bmp024
c7e2e669 D Bmp025
c7e2e679 D Bmp026
c7e2e689 D Bmp027
c7e2e699 D Bmp028
c7e2e6a9 D Bmp029
c7e2e6b9 D Bmp030
c7e2e6c9 D Bmp031
c7e2e6d9 D Bmp032
c7e2e6e9 D Bmp033
c7e2e6f9 D Bmp034
c7e2e709 D Bmp035
c7e2e719 D Bmp036
c7e2e729 D Bmp037
c7e2e739 D Bmp038
c7e2e749 D Bmp039
c7e2e759 D Bmp040
c7e2e769 D Bmp041
c7e2e779 D Bmp042
c7e2e789 D Bmp043
c7e2e799 D Bmp044
c7e2e7a9 D Bmp045
c7e2e7b9 D Bmp046
c7e2e7c9 D Bmp047
c7e2e7d9 D Bmp048
c7e2e7e9 D Bmp049
c7e2e7f9 D Bmp050
c7e2e809 D Bmp051
c7e2e819 D Bmp052
c7e2e829 D Bmp053
c7e2e839 D Bmp054
c7e2e849 D Bmp055
c7e2e859 D Bmp056
c7e2e869 D Bmp057
c7e2e879 D Bmp058
c7e2e889 D Bmp059
c7e2e899 D Bmp060
c7e2e8a9 D Bmp061
c7e2e8b9 D Bmp062
c7e2e8c9 D Bmp063
c7e2e8d9 D Bmp064
c7e2e8e9 D Bmp065
c7e2e8f9 D Bmp066
c7e2e909 D Bmp067
c7e2e919 D Bmp068
c7e2e929 D Bmp069
c7e2e939 D Bmp070
c7e2e949 D Bmp071
c7e2e959 D Bmp072
c7e2e969 D Bmp073
c7e2e9e9 D Bmp074
c7e2ea69 D Bmp075
c7e2eae9 D Bmp076
c7e2eb69 D Bmp077
c7e2ebe9 D Bmp078
c7e2ec6c d month_days
c7e2ec9c d autoplace_oobinfo
c7e2edec d jffs2_oobinfo
c7e2ef3c d yaffs_oobinfo
c7e2f08c A __u_boot_cmd_start
c7e2f08c D __u_boot_cmd_bdinfo
c7e2f0a4 D __u_boot_cmd_go
c7e2f0bc D __u_boot_cmd_reset
c7e2f0d4 D __u_boot_cmd_bootm
c7e2f0ec D __u_boot_cmd_imls
c7e2f104 D __u_boot_cmd_icache
c7e2f11c D __u_boot_cmd_dcache
c7e2f134 D __u_boot_cmd_date
c7e2f14c D __u_boot_cmd_bootelf
c7e2f164 D __u_boot_cmd_bootvx
c7e2f17c D __u_boot_cmd_flinfo
c7e2f194 D __u_boot_cmd_erase
c7e2f1ac D __u_boot_cmd_protect
c7e2f1c4 D __u_boot_cmd_imd
c7e2f1dc D __u_boot_cmd_imm
c7e2f1f4 D __u_boot_cmd_inm
c7e2f20c D __u_boot_cmd_imw
c7e2f224 D __u_boot_cmd_icrc32
c7e2f23c D __u_boot_cmd_iprobe
c7e2f254 D __u_boot_cmd_iloop
c7e2f26c D __u_boot_cmd_itest
c7e2f284 D __u_boot_cmd_loads
c7e2f29c D __u_boot_cmd_loadb
c7e2f2b4 D __u_boot_cmd_loady
c7e2f2cc D __u_boot_cmd_md
c7e2f2e4 D __u_boot_cmd_mm
c7e2f2fc D __u_boot_cmd_nm
c7e2f314 D __u_boot_cmd_mw
c7e2f32c D __u_boot_cmd_cp
c7e2f344 D __u_boot_cmd_cmp
c7e2f35c D __u_boot_cmd_crc32
c7e2f374 D __u_boot_cmd_base
c7e2f38c D __u_boot_cmd_loop
c7e2f3a4 D __u_boot_cmd_mtest
c7e2f3bc D __u_boot_cmd_sleep
c7e2f3d4 D __u_boot_cmd_nand
c7e2f3ec D __u_boot_cmd_nboot
c7e2f404 D __u_boot_cmd_bootp
c7e2f41c D __u_boot_cmd_tftpboot
c7e2f434 D __u_boot_cmd_rarpboot
c7e2f44c D __u_boot_cmd_nfs
c7e2f464 D __u_boot_cmd_ping
c7e2f47c D __u_boot_cmd_printenv
c7e2f494 D __u_boot_cmd_setenv
c7e2f4ac D __u_boot_cmd_saveenv
c7e2f4c4 D __u_boot_cmd_run
c7e2f4dc D __u_boot_cmd_usb
c7e2f4f4 D __u_boot_cmd_version
c7e2f50c D __u_boot_cmd_echo
c7e2f524 D __u_boot_cmd_test
c7e2f53c D __u_boot_cmd_exit
c7e2f554 D __u_boot_cmd_help
c7e2f56c D __u_boot_cmd_question_mark
c7e2f584 D __u_boot_cmd_dnw
c7e2f59c D __u_boot_cmd_movi
c7e2f5b4 A __u_boot_cmd_end
c7e30000 R mmu_table
c7e34000 A __bss_start
c7e34000 B movi_hc
c7e34004 B timer_load_val
c7e34008 b timestamp
c7e3400c b lastdec
c7e34010 b BlockNum_HSMMC
c7e34014 b WriteBlockCnt_INT
c7e34018 b HS_DMA_END
c7e3401c b BufferBoundary_INT_Cnt
c7e34020 b CompareCnt_INT
c7e34024 b COMPARE_INT_DONE
c7e34028 b rca
c7e3402c b ocr_check
c7e34030 b ReadBlockCnt_INT
c7e34034 b mmc_card
c7e34038 b card_mid
c7e3403c b Tx_buffer_HSMMC
c7e34040 b Rx_buffer_HSMMC
c7e34044 b Compare_buffer_HSMMC
c7e34048 b rd_cnt_HSMMC
c7e3404c b wt_cnt_HSMMC
c7e34050 b mmc_spec
c7e34054 b sd_spec
c7e34058 b HCLK
c7e3405c B monitor_flash_len
c7e34060 b mem_malloc_start
c7e34064 b mem_malloc_end
c7e34068 b mem_malloc_brk
c7e3406c B NetOurSubnetMask
c7e34070 B NetOurGatewayIP
c7e34074 B NetOurDNSIP
c7e34078 B NetOurNISDomain
c7e34098 B NetOurHostName
c7e340b8 B NetOurRootPath
c7e340f8 B NetBootFileSize
c7e340fa B NetServerEther
c7e34100 B NetEtherNullAddr
c7e34108 B NetTxPacket
c7e3410c B NetBootFileXferSize
c7e34110 B NetOurEther
c7e34118 B NetOurIP
c7e3411c B NetServerIP
c7e34120 B NetRxPackets
c7e34130 B NetRxPkt
c7e34134 B NetRxPktLen
c7e34138 B NetIPID
c7e3413c B NetState
c7e34140 B BootFile
c7e341c0 B NetPingIP
c7e341c4 B PktBuf
c7e35fe4 B NetArpWaitPacketIP
c7e35fe8 B NetArpWaitReplyIP
c7e35fec B NetArpWaitPacketMAC
c7e35ff0 B NetArpWaitTxPacket
c7e35ff4 B NetArpWaitTxPacketSize
c7e35ff8 B NetArpWaitPacketBuf
c7e36618 B NetArpWaitTimerStart
c7e3661c B NetArpWaitTry
c7e36620 b mac.2543
c7e36628 b packetHandler
c7e3662c b timeHandler
c7e36630 b timeStart
c7e36634 b timeDelta
c7e36638 b PingSeqNo
c7e3663c b TftpServerPort
c7e36640 b TftpOurPort
c7e36644 b TftpTimeoutCount
c7e36648 b TftpBlock
c7e3664c b TftpLastBlock
c7e36650 b TftpBlockWrap
c7e36654 b TftpBlockWrapOffset
c7e36658 b TftpState
c7e3665c b default_filename
c7e3666c b tftp_filename
c7e36670 B BootpID
c7e36674 B BootpTry
c7e36678 B RarpTry
c7e3667c b rpc_id
c7e36680 b fs_mounted
c7e36684 b nfs_len
c7e36688 b dirfh
c7e366a8 b filefh
c7e366c8 b NfsDownloadState
c7e366cc b NfsServerIP
c7e366d0 b NfsSrvMountPort
c7e366d4 b NfsSrvNfsPort
c7e366d8 b NfsOurPort
c7e366dc b NfsTimeoutCount
c7e366e0 b NfsState
c7e366e4 b default_filename
c7e36724 b nfs_filename
c7e36728 b nfs_path
c7e3672c b nfs_path_buff
c7e36f2c B dmfe_info
c7e36fcc b nfloor
c7e36fd0 B nand_info
c7e37084 b nand_chip
c7e37188 B hist_num
c7e3718c B console_buffer
c7e3728c B hist_list
c7e372dc B hist_lines
c7e386dc b initted.2265
c7e386e0 b hist_max
c7e386e4 b hist_add_idx
c7e386e8 B header
c7e38728 b i2c_dp_last_chip
c7e3872c b i2c_dp_last_addr
c7e38730 b i2c_dp_last_alen
c7e38734 b i2c_mm_last_chip
c7e38738 b i2c_mm_last_addr
c7e3873c b i2c_mm_last_alen
c7e38740 B os_data_count
c7e38744 B os_data_header
c7e38764 B his_eol
c7e38768 B his_pad_count
c7e3876c B his_pad_char
c7e3876d B his_quote
c7e38770 B os_data_init
c7e38774 B os_data_char
c7e38778 B send_parms
c7e3878c B send_ptr
c7e38790 b a_b
c7e387a8 b os_data_state
c7e387ac b os_data_state_saved
c7e387b0 b os_data_count_saved
c7e387b4 b os_data_addr
c7e387b8 b os_data_addr_saved
c7e387bc b bin_start_address
c7e387c0 b k_data_escape
c7e387c4 b k_data_escape_saved
c7e387c8 B dp_last_addr
c7e387cc B dp_last_size
c7e387d0 B mm_last_addr
c7e387d4 B mm_last_size
c7e387d8 b base_address
c7e387dc b ctrlc_was_pressed
c7e387e0 b ctrlc_disabled
c7e387e4 B devlist
c7e387e8 B stdio_devices
c7e387f4 b top_pad
c7e387f8 b n_mmaps_max
c7e387fc b current_mallinfo
c7e38824 b max_sbrked_mem
c7e38828 b max_total_mem
c7e3882c B env_ptr
c7e38830 B last_return_code
c7e38834 B nesting_level
c7e38838 b top_vars
c7e3883c b flag_repeat
c7e38840 b do_repeat
c7e38844 b the_command.2172
c7e38944 b buf.2612
c7e3896c b local.2145
c7e38984 b ifs
c7e38988 b map
c7e38a88 B usb_started
c7e38a8c b usb_dev
c7e4530c b dev_index
c7e45310 b running
c7e45314 b asynch_allowed
c7e45318 b setup_packet
c7e45320 b hub_dev
c7e45420 b usb_hub_index
c7e45424 b xyz
c7e45860 B ofsinfo
c7e45874 B ___strtok
c7e45878 b fixed_lock
c7e4587c b fixed_built
c7e45880 b fixed_mem
c7e46910 b fixed_bl
c7e46914 b fixed_bd
c7e46918 b fixed_tl
c7e4691c b fixed_td
c7e46920 B flash_info
c7e46a00 B gtd
c7e47a40 B ptd
c7e47b00 B ghcca
c7e47c00 B phcca
c7e47c10 B ohci_dev
c7e47da0 B urb_priv
c7e47e74 B got_rhsc
c7e47e78 B devgone
c7e47e7c b gohci
c7e48000 B boot_nand
c7e48004 B cur_ecc_mode
c7e48008 B nand_type
c7e4800c B s3c_receive_done
c7e48010 B s3c_got_header
c7e48014 B op_mode
c7e48018 B speed
c7e4801c B s3c_usbd_dn_addr
c7e48020 B DNW
c7e48024 B remode_wakeup
c7e48028 B config_value
c7e4802a B otg
c7e480ae B get_status
c7e480b3 B get_intf
c7e480b4 B Bmp000
c7e480c4 B frameBuffer16Bit480272Tft
c7e480c8 B mach_info
c7e48308 B FBuf
c7e4830c b Position
c7e48314 b params
c7e48318 b none_oobinfo
c7e48468 b data_buf
c7e48c68 b oob_buf
c7e48ca8 A _end
